container=sglang-criu-bench-356294-1

podman ps:
sglang-criu-bench-356294-1 Exited (1) 5 seconds ago

last logs:
^^^^^^^^^^^^
  File "/usr/local/lib/python3.12/dist-packages/transformers/utils/hub.py", line 293, in cached_file
    file = cached_files(path_or_repo_id=path_or_repo_id, filenames=[filename], **kwargs)
           ^^^^^^^^^^^^^^^^^^^^^^^^^^^^^^^^^^^^^^^^^^^^^^^^^^^^^^^^^^^^^^^^^^^^^^^^^^^^^
  File "/usr/local/lib/python3.12/dist-packages/transformers/utils/hub.py", line 513, in cached_files
    raise OSError(
OSError: We couldn't connect to 'https://huggingface.co' to load the files, and couldn't find them in the cached files.
Check your internet connection or see how to run the library in offline mode at 'https://huggingface.co/docs/transformers/installation#offline-mode'.

During handling of the above exception, another exception occurred:

Traceback (most recent call last):
  File "/usr/local/lib/python3.12/dist-packages/transformers/utils/hub.py", line 437, in cached_files
    hf_hub_download(
  File "/usr/local/lib/python3.12/dist-packages/huggingface_hub/utils/_validators.py", line 88, in _inner_fn
    return fn(*args, **kwargs)
           ^^^^^^^^^^^^^^^^^^^
  File "/usr/local/lib/python3.12/dist-packages/huggingface_hub/file_download.py", line 1019, in hf_hub_download
    return _hf_hub_download_to_cache_dir(
           ^^^^^^^^^^^^^^^^^^^^^^^^^^^^^^
  File "/usr/local/lib/python3.12/dist-packages/huggingface_hub/file_download.py", line 1166, in _hf_hub_download_to_cache_dir
    _raise_on_head_call_error(head_call_error, force_download, local_files_only)
  File "/usr/local/lib/python3.12/dist-packages/huggingface_hub/file_download.py", line 1895, in _raise_on_head_call_error
    raise LocalEntryNotFoundError(
huggingface_hub.errors.LocalEntryNotFoundError: Cannot find the requested files in the disk cache and outgoing traffic has been disabled. To enable hf.co look-ups and downloads online, set 'local_files_only' to False.

The above exception was the direct cause of the following exception:

Traceback (most recent call last):
  File "<frozen runpy>", line 198, in _run_module_as_main
  File "<frozen runpy>", line 88, in _run_code
  File "/sgl-workspace/sglang/python/sglang/launch_server.py", line 71, in <module>
    run_server(server_args)
  File "/sgl-workspace/sglang/python/sglang/launch_server.py", line 52, in run_server
    launch_server(server_args)
  File "/sgl-workspace/sglang/python/sglang/srt/entrypoints/http_server.py", line 2746, in launch_server
    ) = Engine._launch_subprocesses(
        ^^^^^^^^^^^^^^^^^^^^^^^^^^^^
  File "/sgl-workspace/sglang/python/sglang/srt/entrypoints/engine.py", line 1169, in _launch_subprocesses
    tokenizer_manager, template_manager = init_tokenizer_manager_func(
                                          ^^^^^^^^^^^^^^^^^^^^^^^^^^^^
  File "/sgl-workspace/sglang/python/sglang/srt/entrypoints/engine.py", line 154, in init_tokenizer_manager
    tokenizer_manager = TokenizerManagerClass(server_args, port_args)
                        ^^^^^^^^^^^^^^^^^^^^^^^^^^^^^^^^^^^^^^^^^^^^^
  File "/sgl-workspace/sglang/python/sglang/srt/managers/tokenizer_manager.py", line 421, in __init__
    self.init_tokenizer_and_processor()
  File "/sgl-workspace/sglang/python/sglang/srt/managers/tokenizer_manager.py", line 472, in init_tokenizer_and_processor
    _processor = _get_processor_wrapper(server_args)
                 ^^^^^^^^^^^^^^^^^^^^^^^^^^^^^^^^^^^
  File "/sgl-workspace/sglang/python/sglang/srt/managers/tokenizer_manager.py", line 3704, in _get_processor_wrapper
    processor = get_processor(
                ^^^^^^^^^^^^^^
  File "/sgl-workspace/sglang/python/sglang/srt/utils/hf_transformers/processor.py", line 283, in get_processor
    tokenizer = get_tokenizer(
                ^^^^^^^^^^^^^^
  File "/sgl-workspace/sglang/python/sglang/srt/utils/hf_transformers/tokenizer.py", line 517, in get_tokenizer
    tokenizer = _auto_tokenizer_from_pretrained(
                ^^^^^^^^^^^^^^^^^^^^^^^^^^^^^^^^
  File "/sgl-workspace/sglang/python/sglang/srt/utils/hf_transformers/tokenizer.py", line 166, in _auto_tokenizer_from_pretrained
    tokenizer = AutoTokenizer.from_pretrained(
                ^^^^^^^^^^^^^^^^^^^^^^^^^^^^^^
  File "/usr/local/lib/python3.12/dist-packages/transformers/models/auto/tokenization_auto.py", line 720, in from_pretrained
    config = PreTrainedConfig.from_pretrained(pretrained_model_name_or_path, **kwargs)
             ^^^^^^^^^^^^^^^^^^^^^^^^^^^^^^^^^^^^^^^^^^^^^^^^^^^^^^^^^^^^^^^^^^^^^^^^^
  File "/usr/local/lib/python3.12/dist-packages/transformers/configuration_utils.py", line 646, in from_pretrained
    config_dict, kwargs = cls.get_config_dict(pretrained_model_name_or_path, **kwargs)
                          ^^^^^^^^^^^^^^^^^^^^^^^^^^^^^^^^^^^^^^^^^^^^^^^^^^^^^^^^^^^^
  File "/usr/local/lib/python3.12/dist-packages/transformers/configuration_utils.py", line 687, in get_config_dict
    config_dict, kwargs = cls._get_config_dict(pretrained_model_name_or_path, **kwargs)
                          ^^^^^^^^^^^^^^^^^^^^^^^^^^^^^^^^^^^^^^^^^^^^^^^^^^^^^^^^^^^^^
  File "/usr/local/lib/python3.12/dist-packages/transformers/configuration_utils.py", line 742, in _get_config_dict
    resolved_config_file = cached_file(
                           ^^^^^^^^^^^^
  File "/usr/local/lib/python3.12/dist-packages/transformers/utils/hub.py", line 293, in cached_file
    file = cached_files(path_or_repo_id=path_or_repo_id, filenames=[filename], **kwargs)
           ^^^^^^^^^^^^^^^^^^^^^^^^^^^^^^^^^^^^^^^^^^^^^^^^^^^^^^^^^^^^^^^^^^^^^^^^^^^^^
  File "/usr/local/lib/python3.12/dist-packages/transformers/utils/hub.py", line 513, in cached_files
    raise OSError(
OSError: We couldn't connect to 'https://huggingface.co' to load the files, and couldn't find them in the cached files.
Check your internet connection or see how to run the library in offline mode at 'https://huggingface.co/docs/transformers/installation#offline-mode'.